// Jest Snapshot v1, https://goo.gl/fbAQLP

exports[`Pruebas en <GifGridItem/> debe de mostrar el componente correctamente 1`] = `
<div
  className="card animate__animated animate__backInRight animate__delay-2s"
>
  <img
    alt="El titulo"
    src="https://localhost/algo.jpg"
  />
  <p>
    El titulo
  </p>
</div>
`;
